// Jest Snapshot v1, https://goo.gl/fbAQLP

exports[`Pruebas en el GifExpertApp debe hacer el match con el snapshot 1`] = `
<div>
  <h1>
     Gifs de Anime 
  </h1>
  <form
    aria-label="form"
  >
    <input
      placeholder="Buscar gifs"
      type="text"
      value=""
    />
  </form>
  <h3>
     
    Dragon Ball Z
     
  </h3>
  <h4>
     Cargando... 
  </h4>
  <div
    class="card-grid"
  />
</div>
`;
